
-------------------------------------------------------------------------------
   ROBOCOPY     ::     Robust File Copy for Windows
-------------------------------------------------------------------------------

  Начало: 10 апреля 2026 г. 19:57:44
    Источник : D:\Dev\quick-mvp-temp\
  Назначение : D:\Dev\Quick MVP\

     Файлы: *.*
	    
Исключенные файлы: package-lock.json
	    
 Исключенные папки: node_modules
	    .git
	    
 Параметры: *.* /S /E /DCOPY:DA /COPY:DAT /R:1000000 /W:30 

------------------------------------------------------------------------------

	                  11	D:\Dev\quick-mvp-temp\
	*ДОПОЛНИТЕЛЬНАЯ папка      -1	D:\Dev\Quick MVP\.vscode\
	*ДОПОЛНИТЕЛЬНАЯ папка      -1	D:\Dev\Quick MVP\agents\
	  *ДОПОЛНИТЕЛЬНЫЙ файл		       0	copy.log
	  *ДОПОЛНИТЕЛЬНЫЙ файл		   41733	doc.md
	  *ДОПОЛНИТЕЛЬНЫЙ файл		   24302	task-plan.md
	                   0	D:\Dev\quick-mvp-temp\.next\
	                   3	D:\Dev\quick-mvp-temp\.next\types\
	                   4	D:\Dev\quick-mvp-temp\app\
	 Новая папка       5	D:\Dev\quick-mvp-temp\public\
	    Новый файл		     391	file.svg100%  
	    Новый файл		    1035	globe.svg100%  
	    Новый файл		    1375	next.svg100%  
	    Новый файл		     128	vercel.svg100%  
	    Новый файл		     385	window.svg100%  

------------------------------------------------------------------------------

               ВсегоСкопировано ПропущеноНесоответствие      СБОЙДополнения
Каталогов :         7         1         6         0         0         2
  Файлов :        23         5        18         0         0         3
    Байт :   270.1 k     3.2 k   266.9 k         0         0    64.4 k
   Время :   0:00:00   0:00:00                       0:00:00   0:00:00


Скорость :             368 222 Байт/сек.
Скорость :              21,070 МБ/мин.
   Окончание: 10 апреля 2026 г. 19:57:44

